1789922401.685291 client started (14179): version 3.7c, socket /tmp/tmux-1000/default, protocol 8
1789922401.685347 on Linux 7.2.5-200.fc44.x86_64 #1 SMP PREEMPT_DYNAMIC Fri Sep 11 15:11:05 UTC 2026
1789922401.685371 using libevent 2.1.13-stable poll
1789922401.685378 using ncurses 6.6 20251230
1789922401.685402 flags are 0x18010000
1789922401.685421 socket is /tmp/tmux-1000/default
1789922401.685454 trying connect
1789922401.685510 add peer 0x55c0d78a55e0: 6 ((nil))
1789922401.685611 sending message 111 to peer 0x55c0d78a55e0 (8 bytes)
1789922401.685628 sending message 111 to peer 0x55c0d78a55e0 (8 bytes)
1789922401.685635 sending message 101 to peer 0x55c0d78a55e0 (12 bytes)
1789922401.685641 sending message 109 to peer 0x55c0d78a55e0 (4 bytes)
1789922401.685673 sending message 102 to peer 0x55c0d78a55e0 (1 bytes)
1789922401.685680 sending message 108 to peer 0x55c0d78a55e0 (22 bytes)
1789922401.685686 sending message 104 to peer 0x55c0d78a55e0 (0 bytes)
1789922401.685693 sending message 110 to peer 0x55c0d78a55e0 (0 bytes)
1789922401.685700 sending message 107 to peer 0x55c0d78a55e0 (4 bytes)
1789922401.685711 sending message 105 to peer 0x55c0d78a55e0 (18 bytes)
1789922401.685717 sending message 105 to peer 0x55c0d78a55e0 (20 bytes)
1789922401.685722 sending message 105 to peer 0x55c0d78a55e0 (38 bytes)
1789922401.685727 sending message 105 to peer 0x55c0d78a55e0 (25 bytes)
1789922401.685733 sending message 105 to peer 0x55c0d78a55e0 (23 bytes)
1789922401.685739 sending message 105 to peer 0x55c0d78a55e0 (26 bytes)
1789922401.685745 sending message 105 to peer 0x55c0d78a55e0 (20 bytes)
1789922401.685756 sending message 105 to peer 0x55c0d78a55e0 (58 bytes)
1789922401.685761 sending message 105 to peer 0x55c0d78a55e0 (17 bytes)
1789922401.685766 sending message 105 to peer 0x55c0d78a55e0 (14 bytes)
1789922401.685771 sending message 105 to peer 0x55c0d78a55e0 (16 bytes)
1789922401.685776 sending message 105 to peer 0x55c0d78a55e0 (16 bytes)
1789922401.685780 sending message 105 to peer 0x55c0d78a55e0 (40 bytes)
1789922401.685786 sending message 105 to peer 0x55c0d78a55e0 (37 bytes)
1789922401.685792 sending message 105 to peer 0x55c0d78a55e0 (8 bytes)
1789922401.685797 sending message 105 to peer 0x55c0d78a55e0 (51 bytes)
1789922401.685810 sending message 105 to peer 0x55c0d78a55e0 (41 bytes)
1789922401.685818 sending message 105 to peer 0x55c0d78a55e0 (30 bytes)
1789922401.685823 sending message 105 to peer 0x55c0d78a55e0 (64 bytes)
1789922401.685829 sending message 105 to peer 0x55c0d78a55e0 (16 bytes)
1789922401.685835 sending message 105 to peer 0x55c0d78a55e0 (16 bytes)
1789922401.685843 sending message 105 to peer 0x55c0d78a55e0 (12 bytes)
1789922401.685849 sending message 105 to peer 0x55c0d78a55e0 (15 bytes)
1789922401.685855 sending message 105 to peer 0x55c0d78a55e0 (26 bytes)
1789922401.685862 sending message 105 to peer 0x55c0d78a55e0 (15 bytes)
1789922401.685870 sending message 105 to peer 0x55c0d78a55e0 (29 bytes)
1789922401.685876 sending message 105 to peer 0x55c0d78a55e0 (14 bytes)
1789922401.685882 sending message 105 to peer 0x55c0d78a55e0 (25 bytes)
1789922401.685887 sending message 105 to peer 0x55c0d78a55e0 (22 bytes)
1789922401.685893 sending message 105 to peer 0x55c0d78a55e0 (16 bytes)
1789922401.685902 sending message 105 to peer 0x55c0d78a55e0 (18 bytes)
1789922401.685908 sending message 105 to peer 0x55c0d78a55e0 (35 bytes)
1789922401.685913 sending message 105 to peer 0x55c0d78a55e0 (60 bytes)
1789922401.685918 sending message 105 to peer 0x55c0d78a55e0 (21 bytes)
1789922401.685924 sending message 105 to peer 0x55c0d78a55e0 (19 bytes)
1789922401.685928 sending message 105 to peer 0x55c0d78a55e0 (18 bytes)
1789922401.685934 sending message 105 to peer 0x55c0d78a55e0 (16 bytes)
1789922401.685940 sending message 105 to peer 0x55c0d78a55e0 (11 bytes)
1789922401.685945 sending message 105 to peer 0x55c0d78a55e0 (17 bytes)
1789922401.685950 sending message 105 to peer 0x55c0d78a55e0 (30 bytes)
1789922401.685959 sending message 105 to peer 0x55c0d78a55e0 (41 bytes)
1789922401.685966 sending message 105 to peer 0x55c0d78a55e0 (29 bytes)
1789922401.685990 sending message 105 to peer 0x55c0d78a55e0 (148 bytes)
1789922401.686005 sending message 105 to peer 0x55c0d78a55e0 (18 bytes)
1789922401.686011 sending message 105 to peer 0x55c0d78a55e0 (26 bytes)
1789922401.686017 sending message 105 to peer 0x55c0d78a55e0 (60 bytes)
1789922401.686022 sending message 105 to peer 0x55c0d78a55e0 (18 bytes)
1789922401.686028 sending message 105 to peer 0x55c0d78a55e0 (47 bytes)
1789922401.686035 sending message 105 to peer 0x55c0d78a55e0 (45 bytes)
1789922401.686042 sending message 105 to peer 0x55c0d78a55e0 (16 bytes)
1789922401.686048 sending message 105 to peer 0x55c0d78a55e0 (38 bytes)
1789922401.686053 sending message 105 to peer 0x55c0d78a55e0 (47 bytes)
1789922401.686059 sending message 105 to peer 0x55c0d78a55e0 (26 bytes)
1789922401.686067 sending message 105 to peer 0x55c0d78a55e0 (35 bytes)
1789922401.686073 sending message 105 to peer 0x55c0d78a55e0 (73 bytes)
1789922401.686079 sending message 105 to peer 0x55c0d78a55e0 (23 bytes)
1789922401.686084 sending message 105 to peer 0x55c0d78a55e0 (35 bytes)
1789922401.686090 sending message 105 to peer 0x55c0d78a55e0 (17 bytes)
1789922401.686095 sending message 105 to peer 0x55c0d78a55e0 (35 bytes)
1789922401.686100 sending message 105 to peer 0x55c0d78a55e0 (12 bytes)
1789922401.686105 sending message 105 to peer 0x55c0d78a55e0 (18 bytes)
1789922401.686111 sending message 105 to peer 0x55c0d78a55e0 (19 bytes)
1789922401.686116 sending message 105 to peer 0x55c0d78a55e0 (91 bytes)
1789922401.686122 sending message 105 to peer 0x55c0d78a55e0 (44 bytes)
1789922401.686128 sending message 105 to peer 0x55c0d78a55e0 (11 bytes)
1789922401.686136 sending message 105 to peer 0x55c0d78a55e0 (8 bytes)
1789922401.686142 sending message 105 to peer 0x55c0d78a55e0 (21 bytes)
1789922401.686147 sending message 105 to peer 0x55c0d78a55e0 (11 bytes)
1789922401.686153 sending message 105 to peer 0x55c0d78a55e0 (17 bytes)
1789922401.686160 sending message 105 to peer 0x55c0d78a55e0 (47 bytes)
1789922401.686166 sending message 105 to peer 0x55c0d78a55e0 (21 bytes)
1789922401.686171 sending message 105 to peer 0x55c0d78a55e0 (41 bytes)
1789922401.686177 sending message 105 to peer 0x55c0d78a55e0 (50 bytes)
1789922401.686181 sending message 105 to peer 0x55c0d78a55e0 (31 bytes)
1789922401.686186 sending message 105 to peer 0x55c0d78a55e0 (80 bytes)
1789922401.686191 sending message 105 to peer 0x55c0d78a55e0 (40 bytes)
1789922401.686196 sending message 105 to peer 0x55c0d78a55e0 (18 bytes)
1789922401.686202 sending message 105 to peer 0x55c0d78a55e0 (24 bytes)
1789922401.686209 sending message 105 to peer 0x55c0d78a55e0 (24 bytes)
1789922401.686220 sending message 105 to peer 0x55c0d78a55e0 (21 bytes)
1789922401.686227 sending message 105 to peer 0x55c0d78a55e0 (146 bytes)
1789922401.686234 sending message 105 to peer 0x55c0d78a55e0 (339 bytes)
1789922401.686241 sending message 105 to peer 0x55c0d78a55e0 (25 bytes)
1789922401.686252 sending message 105 to peer 0x55c0d78a55e0 (45 bytes)
1789922401.686259 sending message 105 to peer 0x55c0d78a55e0 (38 bytes)
1789922401.686265 sending message 105 to peer 0x55c0d78a55e0 (54 bytes)
1789922401.686271 sending message 105 to peer 0x55c0d78a55e0 (28 bytes)
1789922401.686278 sending message 105 to peer 0x55c0d78a55e0 (124 bytes)
1789922401.686289 sending message 105 to peer 0x55c0d78a55e0 (50 bytes)
1789922401.686296 sending message 105 to peer 0x55c0d78a55e0 (40 bytes)
1789922401.686302 sending message 105 to peer 0x55c0d78a55e0 (20 bytes)
1789922401.686308 sending message 105 to peer 0x55c0d78a55e0 (19 bytes)
1789922401.686315 sending message 106 to peer 0x55c0d78a55e0 (0 bytes)
1789922401.686395 cmd_pack_argv: argv[0]=new-session
1789922401.686409 cmd_pack_argv: argv[1]=-d
1789922401.686415 cmd_pack_argv: argv[2]=-s
1789922401.686421 cmd_pack_argv: argv[3]=debug
1789922401.686427 sending message 200 to peer 0x55c0d78a55e0 (28 bytes)
1789922401.686434 client loop enter
1789922401.692100 peer 0x55c0d78a55e0 message 203
1789922401.692160 client loop exit
